STEP to UG
! INFO-     NX STEP AP214 - V2306.8900
! INFO-      
! INFO-     Start of Translation: 9-NOV-2025  12:38:38 PM
! INFO-      
! STATUS-   Converting Part: Z:\Purpl Ansys\Geometry Imports\CMB_CNC_Cap_Full_CFD_Negative_Geo_11-1-25.stp
! SUMMARY-   
! SUMMARY-    STEP Header Information
! SUMMARY-   
! SUMMARY-  Description      Unknown
! SUMMARY-  Imp_Level        2;1
! SUMMARY-  File_Name        CMB_CNC_Cap_Full_CFD_Negative_Geo_11-1-25.stp
! SUMMARY-  Date             2025-11-09T12:36:30-05:00
! SUMMARY-  Author           Unknown
! SUMMARY-  Organization     Unknown
! SUMMARY-  Pre_Version      ST-DEVELOPER v19.4
! SUMMARY-  Orig_System      SIEMENS PLM Software NX2306.8900
! SUMMARY-  Authorization    Unknown
! SUMMARY-  Schema_ID        automotive_design
! SUMMARY-   
! SUMMARY-    Summary of STEP Entities
! SUMMARY-   
! SUMMARY-  Entity Type                                                   Count
! SUMMARY-  -----------                                                   ------
! SUMMARY-  advanced_face ..............................................:    196
! SUMMARY-  application_context ........................................:      1
! SUMMARY-  axis1_placement ............................................:      2
! SUMMARY-  axis2_placement_3d .........................................:    158
! SUMMARY-  b_spline_curve_with_knots ..................................:    368
! SUMMARY-  b_spline_surface_with_knots ................................:     63
! SUMMARY-  b_spline_surface_with_knots_and_rational_b_spline_surface ..:      5
! SUMMARY-  cartesian_point ............................................:  15683
! SUMMARY-  circle .....................................................:     31
! SUMMARY-  closed_shell ...............................................:      1
! SUMMARY-  conical_surface ............................................:      2
! SUMMARY-  conversion_based_unit_and_plane_angle_unit .................:      1
! SUMMARY-  cylindrical_surface ........................................:    101
! SUMMARY-  dimensional_exponents ......................................:      1
! SUMMARY-  direction ..................................................:    318
! SUMMARY-  edge_curve .................................................:    397
! SUMMARY-  edge_loop ..................................................:    671
! SUMMARY-  face_bound .................................................:    661
! SUMMARY-  face_outer_bound ...........................................:     10
! SUMMARY-  geometric_representation_context_and_global_uncertainty_a ..:      1
! SUMMARY-  length_unit_and_si_unit ....................................:      1
! SUMMARY-  manifold_solid_brep ........................................:      1
! SUMMARY-  oriented_edge ..............................................:    794
! SUMMARY-  plane ......................................................:     11
! SUMMARY-  plane_angle_measure_with_unit ..............................:      1
! SUMMARY-  plane_angle_unit_and_si_unit ...............................:      1
! SUMMARY-  product ....................................................:      1
! SUMMARY-  product_context ............................................:      1
! SUMMARY-  product_definition .........................................:      1
! SUMMARY-  product_definition_context .................................:      1
! SUMMARY-  product_definition_formation_with_specified_source .........:      1
! SUMMARY-  product_definition_shape ...................................:      1
! SUMMARY-  product_related_product_category ...........................:      1
! SUMMARY-  si_unit_and_solid_angle_unit ...............................:      1
! SUMMARY-  surface_of_revolution ......................................:      2
! SUMMARY-  toroidal_surface ...........................................:     12
! SUMMARY-  uncertainty_measure_with_unit ..............................:      1
! SUMMARY-  vertex_point ...............................................:    390
! SUMMARY-                                                               -------
! SUMMARY-  Total                                                          19893
! STATUS-    
! STATUS-   Converting to Output Form (Phase 2 of 3): 9-NOV-2025 12:38:38 PM
! STATUS-    
! STATUS-    
! STATUS-   Generating UG geometry and placing them in parts
! STATUS-    
! STATUS-   Creating the UG part (Phase 3 of 3): 9-NOV-2025  12:38:40 PM
! INFO-     Filing Part ..: C:\Users\rjmcm\Documents\GitHub\Turbojet\Combustor\Simulation\Geometry Imports\CMB_CNC_Cap_Full_CFD_Negative_Geo_11-1-25_1.prt
! SUMMARY-   
! SUMMARY-  Summary of Unigraphics Part Entities
! SUMMARY-   
! SUMMARY-  Entities Processed             Count
! SUMMARY-  ------------------             -----
! SUMMARY-  Solid/Sheet .................:     1
! SUMMARY-                                 -----
! SUMMARY-  Total                              1
! INFO-      
! INFO-     Total number of solids input for this translation       :         1
! INFO-      
! INFO-     Number of solids created without body validation faults :         1
! INFO-      
! INFO-     Number of solids created with body validation fault(s)  :         0
! INFO-      
! INFO-     Number of solids ending up as sheet bodies              :         0
! INFO-      
! INFO-     End of Translation: 9-NOV-2025  12:38:42 PM
! INFO-      
STEP to UG
! INFO-     NX STEP AP214 - V2306.8900
! INFO-      
! INFO-     Start of Translation: 9-NOV-2025  12:49:29 PM
! INFO-      
! STATUS-   Converting Part: Z:\Purpl Ansys\Geometry Imports\CMB_CNC_Cap_Full_CFD_Negative_Geo_11-1-25.stp
! SUMMARY-   
! SUMMARY-    STEP Header Information
! SUMMARY-   
! SUMMARY-  Description      Unknown
! SUMMARY-  Imp_Level        2;1
! SUMMARY-  File_Name        CMB_CNC_Cap_Full_CFD_Negative_Geo_11-1-25.stp
! SUMMARY-  Date             2025-11-09T12:36:30-05:00
! SUMMARY-  Author           Unknown
! SUMMARY-  Organization     Unknown
! SUMMARY-  Pre_Version      ST-DEVELOPER v19.4
! SUMMARY-  Orig_System      SIEMENS PLM Software NX2306.8900
! SUMMARY-  Authorization    Unknown
! SUMMARY-  Schema_ID        automotive_design
! SUMMARY-   
! SUMMARY-    Summary of STEP Entities
! SUMMARY-   
! SUMMARY-  Entity Type                                                   Count
! SUMMARY-  -----------                                                   ------
! SUMMARY-  advanced_face ..............................................:    196
! SUMMARY-  application_context ........................................:      1
! SUMMARY-  axis1_placement ............................................:      2
! SUMMARY-  axis2_placement_3d .........................................:    158
! SUMMARY-  b_spline_curve_with_knots ..................................:    368
! SUMMARY-  b_spline_surface_with_knots ................................:     63
! SUMMARY-  b_spline_surface_with_knots_and_rational_b_spline_surface ..:      5
! SUMMARY-  cartesian_point ............................................:  15683
! SUMMARY-  circle .....................................................:     31
! SUMMARY-  closed_shell ...............................................:      1
! SUMMARY-  conical_surface ............................................:      2
! SUMMARY-  conversion_based_unit_and_plane_angle_unit .................:      1
! SUMMARY-  cylindrical_surface ........................................:    101
! SUMMARY-  dimensional_exponents ......................................:      1
! SUMMARY-  direction ..................................................:    318
! SUMMARY-  edge_curve .................................................:    397
! SUMMARY-  edge_loop ..................................................:    671
! SUMMARY-  face_bound .................................................:    661
! SUMMARY-  face_outer_bound ...........................................:     10
! SUMMARY-  geometric_representation_context_and_global_uncertainty_a ..:      1
! SUMMARY-  length_unit_and_si_unit ....................................:      1
! SUMMARY-  manifold_solid_brep ........................................:      1
! SUMMARY-  oriented_edge ..............................................:    794
! SUMMARY-  plane ......................................................:     11
! SUMMARY-  plane_angle_measure_with_unit ..............................:      1
! SUMMARY-  plane_angle_unit_and_si_unit ...............................:      1
! SUMMARY-  product ....................................................:      1
! SUMMARY-  product_context ............................................:      1
! SUMMARY-  product_definition .........................................:      1
! SUMMARY-  product_definition_context .................................:      1
! SUMMARY-  product_definition_formation_with_specified_source .........:      1
! SUMMARY-  product_definition_shape ...................................:      1
! SUMMARY-  product_related_product_category ...........................:      1
! SUMMARY-  si_unit_and_solid_angle_unit ...............................:      1
! SUMMARY-  surface_of_revolution ......................................:      2
! SUMMARY-  toroidal_surface ...........................................:     12
! SUMMARY-  uncertainty_measure_with_unit ..............................:      1
! SUMMARY-  vertex_point ...............................................:    390
! SUMMARY-                                                               -------
! SUMMARY-  Total                                                          19893
! STATUS-    
! STATUS-   Converting to Output Form (Phase 2 of 3): 9-NOV-2025 12:49:30 PM
! STATUS-    
! STATUS-    
! STATUS-   Generating UG geometry and placing them in parts
! STATUS-    
! STATUS-   Creating the UG part (Phase 3 of 3): 9-NOV-2025  12:49:32 PM
! INFO-     Filing Part ..: C:\Users\rjmcm\Documents\GitHub\Turbojet\Combustor\Simulation\Geometry Imports\CMB_CNC_Cap_Full_CFD_Negative_Geo_11-1-25_1.prt
! SUMMARY-   
! SUMMARY-  Summary of Unigraphics Part Entities
! SUMMARY-   
! SUMMARY-  Entities Processed             Count
! SUMMARY-  ------------------             -----
! SUMMARY-  Solid/Sheet .................:     1
! SUMMARY-                                 -----
! SUMMARY-  Total                              1
! INFO-      
! INFO-     Total number of solids input for this translation       :         1
! INFO-      
! INFO-     Number of solids created without body validation faults :         1
! INFO-      
! INFO-     Number of solids created with body validation fault(s)  :         0
! INFO-      
! INFO-     Number of solids ending up as sheet bodies              :         0
! INFO-      
! INFO-     End of Translation: 9-NOV-2025  12:49:33 PM
! INFO-      
