UG to STEP
! INFO-     NX STEP AP214 - V2306.8900
! INFO-      
! INFO-     Start of Translation: 9-NOV-2025  3:20:24 PM
! INFO-      
! STATUS-   Converting Part: C:\Users\rjmcm\AppData\Local\Temp\CMB_Flat_Cap_Full_CFD_Negative_Geo_11-9-25_objects.prt
! SUMMARY-   
! SUMMARY-  Summary of Unigraphics Part Entities
! SUMMARY-  For Part: C:\Users\rjmcm\AppData\Local\Temp\CMB_Flat_Cap_Full_CFD_Negative_Geo_11-9-25_objects.prt 
! SUMMARY-  Entities Processed             Count
! SUMMARY-  ------------------             -----
! SUMMARY-  Part Attribute ..............:     1
! SUMMARY-  Font ........................:     1
! SUMMARY-  Color Table .................:     2
! SUMMARY-  Coordinate System ...........:     1
! SUMMARY-  Parameter ...................:     1
! SUMMARY-  Matrix ......................:     1
! SUMMARY-  Solid/Sheet .................:
! SUMMARY-     Body .....................:     2
! SUMMARY-                                 -----
! SUMMARY-  Total                              9
! STATUS-    
! STATUS-   Converting to Output Form (Phase 2 of 3): 9-NOV-2025 3:20:24 PM
! STATUS-    
! STATUS-    
! STATUS-   Generating UG geometry and placing them in parts
! STATUS-    
! SUMMARY-   
! SUMMARY-    STEP Header Information
! SUMMARY-   
! SUMMARY-  Description      Unknown
! SUMMARY-  Imp_Level        1
! SUMMARY-  File_Name        CMB_Flat_Cap_Full_CFD_Negative_Geo_Outer_Airflow_Section_11-9-25.stp
! SUMMARY-  Date             2025-11-09T15:20:24-05:00
! SUMMARY-  Author           Unknown
! SUMMARY-  Organization     Unknown
! SUMMARY-  Pre_Version      ST-DEVELOPER v19.4
! SUMMARY-  Orig_System      SIEMENS PLM Software NX2306.8900
! SUMMARY-  Authorization    Unknown
! SUMMARY-  Schema_ID        step_merged_ap_schema
! SUMMARY-   
! SUMMARY-    Summary of STEP Entities
! SUMMARY-   
! SUMMARY-  Entity Type                                                   Count
! SUMMARY-  -----------                                                   ------
! SUMMARY-  advanced_face ..............................................:     13
! SUMMARY-  application_context ........................................:      1
! SUMMARY-  axis1_placement ............................................:      2
! SUMMARY-  axis2_placement_3d .........................................:     10
! SUMMARY-  b_spline_curve_with_knots ..................................:     22
! SUMMARY-  b_spline_curve_with_knots_and_rational_b_spline_curve ......:      2
! SUMMARY-  b_spline_surface_with_knots ................................:      4
! SUMMARY-  b_spline_surface_with_knots_and_rational_b_spline_surface ..:      1
! SUMMARY-  cartesian_point ............................................:   2643
! SUMMARY-  circle .....................................................:      3
! SUMMARY-  closed_shell ...............................................:      2
! SUMMARY-  conversion_based_unit_and_plane_angle_unit .................:      1
! SUMMARY-  cylindrical_surface ........................................:      4
! SUMMARY-  dimensional_exponents ......................................:      1
! SUMMARY-  direction ..................................................:     22
! SUMMARY-  edge_curve .................................................:     25
! SUMMARY-  edge_loop ..................................................:     28
! SUMMARY-  face_bound .................................................:     28
! SUMMARY-  geometric_representation_context_and_global_uncertainty_a ..:      1
! SUMMARY-  length_unit_and_si_unit ....................................:      1
! SUMMARY-  manifold_solid_brep ........................................:      2
! SUMMARY-  oriented_edge ..............................................:     50
! SUMMARY-  plane ......................................................:      2
! SUMMARY-  plane_angle_measure_with_unit ..............................:      1
! SUMMARY-  plane_angle_unit_and_si_unit ...............................:      1
! SUMMARY-  product ....................................................:      1
! SUMMARY-  product_context ............................................:      1
! SUMMARY-  product_definition .........................................:      1
! SUMMARY-  product_definition_context .................................:      1
! SUMMARY-  product_definition_formation_with_specified_source .........:      1
! SUMMARY-  product_definition_shape ...................................:      1
! SUMMARY-  product_related_product_category ...........................:      1
! SUMMARY-  si_unit_and_solid_angle_unit ...............................:      1
! SUMMARY-  surface_of_revolution ......................................:      2
! SUMMARY-  uncertainty_measure_with_unit ..............................:      1
! SUMMARY-  vertex_point ...............................................:     25
! SUMMARY-                                                               -------
! SUMMARY-  Total                                                           2906
! INFO-     Bspline aprx. value in effect for this translation :0.025400 millimeter
! INFO-      
! INFO-     Total number of solids input for this translation  :       2
! INFO-      
! INFO-     Number of solids processed without problems        :       2
! INFO-      
! INFO-     Number of solids with problems output as sheets    :       0
! INFO-      
! INFO-     Number of solids not processed                     :       0
! INFO-      
! INFO-     End of Translation: 9-NOV-2025  3:20:24 PM
! INFO-      
STEP to UG
! INFO-     NX STEP AP214 - V2306.8900
! INFO-      
! INFO-     Start of Translation: 9-NOV-2025  3:26:24 PM
! INFO-      
! STATUS-   Converting Part: C:\Users\rjmcm\Documents\GitHub\Turbojet\Combustor\Simulation\Geometry Imports\Flat cap sub sections\CMB_Flat_Cap_Full_CFD_Negative_Geo_Outer_Airflow_Section_11-9-25.stp
! SUMMARY-   
! SUMMARY-    STEP Header Information
! SUMMARY-   
! SUMMARY-  Description      Unknown
! SUMMARY-  Imp_Level        2;1
! SUMMARY-  File_Name        CMB_Flat_Cap_Full_CFD_Negative_Geo_Outer_Airflow_Section_11-9-25.stp
! SUMMARY-  Date             2025-11-09T15:20:24-05:00
! SUMMARY-  Author           Unknown
! SUMMARY-  Organization     Unknown
! SUMMARY-  Pre_Version      ST-DEVELOPER v19.4
! SUMMARY-  Orig_System      SIEMENS PLM Software NX2306.8900
! SUMMARY-  Authorization    Unknown
! SUMMARY-  Schema_ID        automotive_design
! SUMMARY-   
! SUMMARY-    Summary of STEP Entities
! SUMMARY-   
! SUMMARY-  Entity Type                                                   Count
! SUMMARY-  -----------                                                   ------
! SUMMARY-  advanced_face ..............................................:     13
! SUMMARY-  application_context ........................................:      1
! SUMMARY-  axis1_placement ............................................:      2
! SUMMARY-  axis2_placement_3d .........................................:     10
! SUMMARY-  b_spline_curve_with_knots ..................................:     22
! SUMMARY-  b_spline_curve_with_knots_and_rational_b_spline_curve ......:      2
! SUMMARY-  b_spline_surface_with_knots ................................:      4
! SUMMARY-  b_spline_surface_with_knots_and_rational_b_spline_surface ..:      1
! SUMMARY-  cartesian_point ............................................:   2643
! SUMMARY-  circle .....................................................:      3
! SUMMARY-  closed_shell ...............................................:      2
! SUMMARY-  conversion_based_unit_and_plane_angle_unit .................:      1
! SUMMARY-  cylindrical_surface ........................................:      4
! SUMMARY-  dimensional_exponents ......................................:      1
! SUMMARY-  direction ..................................................:     22
! SUMMARY-  edge_curve .................................................:     25
! SUMMARY-  edge_loop ..................................................:     28
! SUMMARY-  face_bound .................................................:     28
! SUMMARY-  geometric_representation_context_and_global_uncertainty_a ..:      1
! SUMMARY-  length_unit_and_si_unit ....................................:      1
! SUMMARY-  manifold_solid_brep ........................................:      2
! SUMMARY-  oriented_edge ..............................................:     50
! SUMMARY-  plane ......................................................:      2
! SUMMARY-  plane_angle_measure_with_unit ..............................:      1
! SUMMARY-  plane_angle_unit_and_si_unit ...............................:      1
! SUMMARY-  product ....................................................:      1
! SUMMARY-  product_context ............................................:      1
! SUMMARY-  product_definition .........................................:      1
! SUMMARY-  product_definition_context .................................:      1
! SUMMARY-  product_definition_formation_with_specified_source .........:      1
! SUMMARY-  product_definition_shape ...................................:      1
! SUMMARY-  product_related_product_category ...........................:      1
! SUMMARY-  si_unit_and_solid_angle_unit ...............................:      1
! SUMMARY-  surface_of_revolution ......................................:      2
! SUMMARY-  uncertainty_measure_with_unit ..............................:      1
! SUMMARY-  vertex_point ...............................................:     25
! SUMMARY-                                                               -------
! SUMMARY-  Total                                                           2906
! STATUS-    
! STATUS-   Converting to Output Form (Phase 2 of 3): 9-NOV-2025 3:26:24 PM
! STATUS-    
! STATUS-    
! STATUS-   Generating UG geometry and placing them in parts
! STATUS-    
! STATUS-   Creating the UG part (Phase 3 of 3): 9-NOV-2025  3:26:25 PM
! INFO-     Filing Part ..: C:\Users\rjmcm\Documents\GitHub\Turbojet\Combustor\Simulation\Geometry Imports\Flat cap sub sections\CMB_Flat_Cap_Full_CFD_Negative_Geo_Outer_Airflow_Section_11-9-25.prt
! SUMMARY-   
! SUMMARY-  Summary of Unigraphics Part Entities
! SUMMARY-   
! SUMMARY-  Entities Processed             Count
! SUMMARY-  ------------------             -----
! SUMMARY-  Solid/Sheet .................:     2
! SUMMARY-                                 -----
! SUMMARY-  Total                              2
! INFO-      
! INFO-     Total number of solids input for this translation       :         2
! INFO-      
! INFO-     Number of solids created without body validation faults :         2
! INFO-      
! INFO-     Number of solids created with body validation fault(s)  :         0
! INFO-      
! INFO-     Number of solids ending up as sheet bodies              :         0
! INFO-      
! INFO-     End of Translation: 9-NOV-2025  3:26:25 PM
! INFO-      
