STEP to UG
! INFO-     NX STEP AP203 - V2306.8900
! INFO-      
! INFO-     Start of Translation: 28-OCT-2025  8:02:41 PM
! INFO-      
! STATUS-   Converting Part: C:\Users\JP\Downloads\beast_Co1.stp
! SUMMARY-   
! SUMMARY-    STEP Header Information
! SUMMARY-   
! SUMMARY-  Description      Open CASCADE Model
! SUMMARY-  Imp_Level        2;1
! SUMMARY-  File_Name        Open CASCADE Shape Model
! SUMMARY-  Date             2025-10-26T12:33:17
! SUMMARY-  Author           Author
! SUMMARY-  Organization     Open CASCADE
! SUMMARY-  Pre_Version      Open CASCADE STEP processor 7.6
! SUMMARY-  Orig_System      Open CASCADE 7.6
! SUMMARY-  Authorization    Unknown
! SUMMARY-  Schema_ID        automotive_design
! SUMMARY-   
! SUMMARY-    Summary of STEP Entities
! SUMMARY-   
! SUMMARY-  Entity Type                                                   Count
! SUMMARY-  -----------                                                   ------
! SUMMARY-  advanced_face ..............................................:     90
! SUMMARY-  application_context ........................................:      1
! SUMMARY-  axis1_placement ............................................:     38
! SUMMARY-  axis2_placement_3d .........................................:     69
! SUMMARY-  b_spline_curve_with_knots ..................................:    232
! SUMMARY-  b_spline_surface_with_knots ................................:     52
! SUMMARY-  cartesian_point ............................................:  32137
! SUMMARY-  circle .....................................................:     68
! SUMMARY-  closed_shell ...............................................:      1
! SUMMARY-  direction ..................................................:    176
! SUMMARY-  edge_curve .................................................:    262
! SUMMARY-  edge_loop ..................................................:    116
! SUMMARY-  face_bound .................................................:    116
! SUMMARY-  geometric_representation_context_and_global_uncertainty_a ..:      1
! SUMMARY-  length_unit_and_si_unit ....................................:      1
! SUMMARY-  manifold_solid_brep ........................................:      1
! SUMMARY-  oriented_edge ..............................................:    524
! SUMMARY-  plane_angle_unit_and_si_unit ...............................:      1
! SUMMARY-  product ....................................................:      1
! SUMMARY-  product_context ............................................:      1
! SUMMARY-  product_definition .........................................:      1
! SUMMARY-  product_definition_context .................................:      1
! SUMMARY-  product_definition_formation ...............................:      1
! SUMMARY-  product_definition_shape ...................................:      1
! SUMMARY-  product_related_product_category ...........................:      1
! SUMMARY-  si_unit_and_solid_angle_unit ...............................:      1
! SUMMARY-  surface_of_revolution ......................................:     38
! SUMMARY-  uncertainty_measure_with_unit ..............................:      1
! SUMMARY-  vertex_point ...............................................:    172
! SUMMARY-                                                               -------
! SUMMARY-  Total                                                          34105
! STATUS-    
! STATUS-   Converting to Output Form (Phase 2 of 3): 28-OCT-2025 8:02:41 PM
! STATUS-    
! STATUS-    
! STATUS-   Generating UG geometry and placing them in parts
! STATUS-    
! STATUS-   Creating the UG part (Phase 3 of 3): 28-OCT-2025  8:02:44 PM
! INFO-     Filing Part ..: C:\Users\JP\OneDrive\Documents\GitHub\Turbojet\New_Assembly\New\beast_Co1.prt
! SUMMARY-   
! SUMMARY-  Summary of Unigraphics Part Entities
! SUMMARY-   
! SUMMARY-  Entities Processed             Count
! SUMMARY-  ------------------             -----
! SUMMARY-  Part Attribute ..............:     9
! SUMMARY-  Coordinate System ...........:     1
! SUMMARY-  Solid/Sheet .................:     1
! SUMMARY-                                 -----
! SUMMARY-  Total                             11
! INFO-      
! INFO-     Total number of solids input for this translation       :         1
! INFO-      
! INFO-     Number of solids created without body validation faults :         1
! INFO-      
! INFO-     Number of solids created with body validation fault(s)  :         0
! INFO-      
! INFO-     Number of solids ending up as sheet bodies              :         0
! INFO-      
! INFO-     End of Translation: 28-OCT-2025  8:02:45 PM
! INFO-      
STEP to UG
! INFO-     NX STEP AP214 - V2306.8900
! INFO-      
! INFO-     Start of Translation: 28-OCT-2025  8:04:44 PM
! INFO-      
! STATUS-   Converting Part: C:\Users\JP\Downloads\beast_Co1.stp
! SUMMARY-   
! SUMMARY-    STEP Header Information
! SUMMARY-   
! SUMMARY-  Description      Open CASCADE Model
! SUMMARY-  Imp_Level        2;1
! SUMMARY-  File_Name        Open CASCADE Shape Model
! SUMMARY-  Date             2025-10-26T12:33:17
! SUMMARY-  Author           Author
! SUMMARY-  Organization     Open CASCADE
! SUMMARY-  Pre_Version      Open CASCADE STEP processor 7.6
! SUMMARY-  Orig_System      Open CASCADE 7.6
! SUMMARY-  Authorization    Unknown
! SUMMARY-  Schema_ID        automotive_design
! SUMMARY-   
! SUMMARY-    Summary of STEP Entities
! SUMMARY-   
! SUMMARY-  Entity Type                                                   Count
! SUMMARY-  -----------                                                   ------
! SUMMARY-  advanced_face ..............................................:     90
! SUMMARY-  application_context ........................................:      1
! SUMMARY-  axis1_placement ............................................:     38
! SUMMARY-  axis2_placement_3d .........................................:     69
! SUMMARY-  b_spline_curve_with_knots ..................................:    232
! SUMMARY-  b_spline_surface_with_knots ................................:     52
! SUMMARY-  cartesian_point ............................................:  32137
! SUMMARY-  circle .....................................................:     68
! SUMMARY-  closed_shell ...............................................:      1
! SUMMARY-  direction ..................................................:    176
! SUMMARY-  edge_curve .................................................:    262
! SUMMARY-  edge_loop ..................................................:    116
! SUMMARY-  face_bound .................................................:    116
! SUMMARY-  geometric_representation_context_and_global_uncertainty_a ..:      1
! SUMMARY-  length_unit_and_si_unit ....................................:      1
! SUMMARY-  manifold_solid_brep ........................................:      1
! SUMMARY-  oriented_edge ..............................................:    524
! SUMMARY-  plane_angle_unit_and_si_unit ...............................:      1
! SUMMARY-  product ....................................................:      1
! SUMMARY-  product_context ............................................:      1
! SUMMARY-  product_definition .........................................:      1
! SUMMARY-  product_definition_context .................................:      1
! SUMMARY-  product_definition_formation ...............................:      1
! SUMMARY-  product_definition_shape ...................................:      1
! SUMMARY-  product_related_product_category ...........................:      1
! SUMMARY-  si_unit_and_solid_angle_unit ...............................:      1
! SUMMARY-  surface_of_revolution ......................................:     38
! SUMMARY-  uncertainty_measure_with_unit ..............................:      1
! SUMMARY-  vertex_point ...............................................:    172
! SUMMARY-                                                               -------
! SUMMARY-  Total                                                          34105
! STATUS-    
! STATUS-   Converting to Output Form (Phase 2 of 3): 28-OCT-2025 8:04:44 PM
! STATUS-    
! STATUS-    
! STATUS-   Generating UG geometry and placing them in parts
! STATUS-    
! STATUS-   Creating the UG part (Phase 3 of 3): 28-OCT-2025  8:04:46 PM
! INFO-     Filing Part ..: C:\Users\JP\OneDrive\Documents\GitHub\Turbojet\New_Assembly\New\beast_Co1.prt
! SUMMARY-   
! SUMMARY-  Summary of Unigraphics Part Entities
! SUMMARY-   
! SUMMARY-  Entities Processed             Count
! SUMMARY-  ------------------             -----
! SUMMARY-  Solid/Sheet .................:     1
! SUMMARY-                                 -----
! SUMMARY-  Total                              1
! INFO-      
! INFO-     Total number of solids input for this translation       :         1
! INFO-      
! INFO-     Number of solids created without body validation faults :         1
! INFO-      
! INFO-     Number of solids created with body validation fault(s)  :         0
! INFO-      
! INFO-     Number of solids ending up as sheet bodies              :         0
! INFO-      
! INFO-     End of Translation: 28-OCT-2025  8:04:47 PM
! INFO-      
