STEP to UG
! INFO-     NX STEP AP203 - V2306.8900
! INFO-      
! INFO-     Start of Translation: 19-OCT-2025  2:18:47 PM
! INFO-      
! STATUS-   Converting Part: C:\Users\JP\Downloads\Impeller v3.step
! SUMMARY-   
! SUMMARY-    STEP Header Information
! SUMMARY-   
! SUMMARY-  Description      Open CASCADE Model
! SUMMARY-  Imp_Level        2;1
! SUMMARY-  File_Name        Impeller v3.step
! SUMMARY-  Date             2025-10-19T11:51:35-04:00
! SUMMARY-  Author           Unknown
! SUMMARY-  Organization     Unknown
! SUMMARY-  Pre_Version      ST-DEVELOPER v20.1
! SUMMARY-  Orig_System      Autodesk Translation Framework v14.17.0.0
! SUMMARY-  Authorization    Unknown
! SUMMARY-  Schema_ID        automotive_design
! SUMMARY-   
! SUMMARY-    Summary of STEP Entities
! SUMMARY-   
! SUMMARY-  Entity Type                                                   Count
! SUMMARY-  -----------                                                   ------
! SUMMARY-  advanced_face ..............................................:    113
! SUMMARY-  application_context ........................................:      1
! SUMMARY-  axis2_placement_3d .........................................:     85
! SUMMARY-  b_spline_curve_with_knots ..................................:    216
! SUMMARY-  b_spline_surface_with_knots ................................:     84
! SUMMARY-  b_spline_surface_with_knots_and_rational_b_spline_surface ..:     24
! SUMMARY-  cartesian_point ............................................:  36260
! SUMMARY-  circle .....................................................:     79
! SUMMARY-  closed_shell ...............................................:      1
! SUMMARY-  cylindrical_surface ........................................:      2
! SUMMARY-  direction ..................................................:    174
! SUMMARY-  edge_curve .................................................:    299
! SUMMARY-  edge_loop ..................................................:    114
! SUMMARY-  face_bound .................................................:      1
! SUMMARY-  face_outer_bound ...........................................:    113
! SUMMARY-  geometric_representation_context_and_global_uncertainty_a ..:      2
! SUMMARY-  length_unit_and_si_unit ....................................:      1
! SUMMARY-  line .......................................................:      4
! SUMMARY-  manifold_solid_brep ........................................:      1
! SUMMARY-  oriented_edge ..............................................:    598
! SUMMARY-  plane ......................................................:      3
! SUMMARY-  plane_angle_unit_and_si_unit ...............................:      1
! SUMMARY-  product ....................................................:      1
! SUMMARY-  product_context ............................................:      1
! SUMMARY-  product_definition .........................................:      1
! SUMMARY-  product_definition_context .................................:      1
! SUMMARY-  product_definition_formation ...............................:      1
! SUMMARY-  product_definition_shape ...................................:      1
! SUMMARY-  product_related_product_category ...........................:      1
! SUMMARY-  si_unit_and_solid_angle_unit ...............................:      1
! SUMMARY-  uncertainty_measure_with_unit ..............................:      2
! SUMMARY-  vector .....................................................:      4
! SUMMARY-  vertex_point ...............................................:    187
! SUMMARY-                                                               -------
! SUMMARY-  Total                                                          38377
! STATUS-    
! STATUS-   Converting to Output Form (Phase 2 of 3): 19-OCT-2025 2:18:47 PM
! STATUS-    
! STATUS-    
! STATUS-   Generating UG geometry and placing them in parts
! STATUS-    
! STATUS-   Creating the UG part (Phase 3 of 3): 19-OCT-2025  2:18:50 PM
! INFO-     Filing Part ..: C:\Users\JP\OneDrive\Documents\GitHub\Turbojet\New_Assembly\New\Impeller v3.prt
! SUMMARY-   
! SUMMARY-  Summary of Unigraphics Part Entities
! SUMMARY-   
! SUMMARY-  Entities Processed             Count
! SUMMARY-  ------------------             -----
! SUMMARY-  Part Attribute ..............:     8
! SUMMARY-  Coordinate System ...........:     1
! SUMMARY-  Solid/Sheet .................:     1
! SUMMARY-                                 -----
! SUMMARY-  Total                             10
! INFO-      
! INFO-     Total number of solids input for this translation       :         1
! INFO-      
! INFO-     Number of solids created without body validation faults :         1
! INFO-      
! INFO-     Number of solids created with body validation fault(s)  :         0
! INFO-      
! INFO-     Number of solids ending up as sheet bodies              :         0
! INFO-      
! INFO-     End of Translation: 19-OCT-2025  2:18:52 PM
! INFO-      
